22:59:48 **** Auto Build of configuration Debug for project remoteproc2017 ****
make pre-build main-build 
a9-linaro-pre-build-step
 
Building file: ../src/echo_test.c
Invoking: ARM v7 gcc compiler
arm-none-eabi-gcc -Wall -O0 -g3 -c -fmessage-length=0 -MT"src/echo_test.o" -mcpu=cortex-a9 -mfpu=vfpv3 -mfloat-abi=hard -I../../remoteproc2017_bsp/ps7_cortexa9_1/include -MMD -MP -MF"src/echo_test.d" -MT"src/echo_test.o" -o "src/echo_test.o" "../src/echo_test.c"
Finished building: ../src/echo_test.c
 
Building target: remoteproc2017.elf
Invoking: ARM v7 gcc linker
arm-none-eabi-gcc -mcpu=cortex-a9 -mfpu=vfpv3 -mfloat-abi=hard -Wl,-build-id=none -specs=Xilinx.spec -Wl,-T -Wl,../src/lscript.ld -L../../remoteproc2017_bsp/ps7_cortexa9_1/lib -o "remoteproc2017.elf"  ./src/echo_test.o ./src/helper.o ./src/platform_info.o ./src/rsc_table.o ./src/system_helper.o   -Wl,--start-group,-lxil,-lfreertos,-lgcc,-lc,--end-group -Wl,--start-group,-lxil,-lmetal,-lopen_amp,-lgcc,-lc,--end-group -Wl,--start-group,-lxil,-lmetal,-lgcc,-lc,--end-group
Finished building target: remoteproc2017.elf
 
Invoking: ARM v7 Print Size
arm-none-eabi-size remoteproc2017.elf  |tee "remoteproc2017.elf.size"
   text	   data	    bss	    dec	    hex	filename
 141384	   4564	 106128	 252076	  3d8ac	remoteproc2017.elf
Finished building: remoteproc2017.elf.size
 

22:59:48 Build Finished (took 493ms)

