21:32:42 **** Build of configuration Debug for project multiplicationmatrix ****
make pre-build main-build 
a9-linaro-pre-build-step
 
Building file: ../src/helper.c
Invoking: ARM v7 gcc compiler
arm-none-eabi-gcc -Wall -O0 -g3 -c -fmessage-length=0 -MT"src/helper.o" -mcpu=cortex-a9 -mfpu=vfpv3 -mfloat-abi=hard -I../../RTOS_AMPexample_bsp/ps7_cortexa9_1/include -MMD -MP -MF"src/helper.d" -MT"src/helper.o" -o "src/helper.o" "../src/helper.c"
Finished building: ../src/helper.c
 
Building file: ../src/matrix_multiply.c
Invoking: ARM v7 gcc compiler
arm-none-eabi-gcc -Wall -O0 -g3 -c -fmessage-length=0 -MT"src/matrix_multiply.o" -mcpu=cortex-a9 -mfpu=vfpv3 -mfloat-abi=hard -I../../RTOS_AMPexample_bsp/ps7_cortexa9_1/include -MMD -MP -MF"src/matrix_multiply.d" -MT"src/matrix_multiply.o" -o "src/matrix_multiply.o" "../src/matrix_multiply.c"
../src/matrix_multiply.c: In function 'processing':
../src/matrix_multiply.c:130:20: warning: passing argument 1 of 'platform_init' makes integer from pointer without a cast [-Wint-conversion]
  if (platform_init(NULL, NULL, &platform)) {
                    ^~~~
In file included from ../src/matrix_multiply.c:9:0:
../src/platform_info.h:57:5: note: expected 'int' but argument is of type 'void *'
 int platform_init(int argc, char *argv[], void **platform);
     ^~~~~~~~~~~~~
Finished building: ../src/matrix_multiply.c
 
Building file: ../src/platform_info.c
Invoking: ARM v7 gcc compiler
arm-none-eabi-gcc -Wall -O0 -g3 -c -fmessage-length=0 -MT"src/platform_info.o" -mcpu=cortex-a9 -mfpu=vfpv3 -mfloat-abi=hard -I../../RTOS_AMPexample_bsp/ps7_cortexa9_1/include -MMD -MP -MF"src/platform_info.d" -MT"src/platform_info.o" -o "src/platform_info.o" "../src/platform_info.c"
Finished building: ../src/platform_info.c
 
Building file: ../src/rsc_table.c
Invoking: ARM v7 gcc compiler
arm-none-eabi-gcc -Wall -O0 -g3 -c -fmessage-length=0 -MT"src/rsc_table.o" -mcpu=cortex-a9 -mfpu=vfpv3 -mfloat-abi=hard -I../../RTOS_AMPexample_bsp/ps7_cortexa9_1/include -MMD -MP -MF"src/rsc_table.d" -MT"src/rsc_table.o" -o "src/rsc_table.o" "../src/rsc_table.c"
Finished building: ../src/rsc_table.c
 
Building file: ../src/zynq_a9_rproc.c
Invoking: ARM v7 gcc compiler
arm-none-eabi-gcc -Wall -O0 -g3 -c -fmessage-length=0 -MT"src/zynq_a9_rproc.o" -mcpu=cortex-a9 -mfpu=vfpv3 -mfloat-abi=hard -I../../RTOS_AMPexample_bsp/ps7_cortexa9_1/include -MMD -MP -MF"src/zynq_a9_rproc.d" -MT"src/zynq_a9_rproc.o" -o "src/zynq_a9_rproc.o" "../src/zynq_a9_rproc.c"
Finished building: ../src/zynq_a9_rproc.c
 
Building target: multiplicationmatrix.elf
Invoking: ARM v7 gcc linker
arm-none-eabi-gcc -mcpu=cortex-a9 -mfpu=vfpv3 -mfloat-abi=hard -Wl,-build-id=none -specs=Xilinx.spec -Wl,-T -Wl,../src/lscript.ld -L../../RTOS_AMPexample_bsp/ps7_cortexa9_1/lib -o "multiplicationmatrix.elf"  ./src/helper.o ./src/matrix_multiply.o ./src/platform_info.o ./src/rsc_table.o ./src/zynq_a9_rproc.o   -Wl,--start-group,-lxil,-lfreertos,-lgcc,-lc,--end-group -Wl,--start-group,-lxil,-lmetal,-lopen_amp,-lgcc,-lc,--end-group -Wl,--start-group,-lxil,-lmetal,-lgcc,-lc,--end-group
Finished building target: multiplicationmatrix.elf
 
Invoking: ARM v7 Print Size
arm-none-eabi-size multiplicationmatrix.elf  |tee "multiplicationmatrix.elf.size"
   text	   data	    bss	    dec	    hex	filename
 137828	1052200	  92656	1282684	 13927c	multiplicationmatrix.elf
Finished building: multiplicationmatrix.elf.size
 

21:32:45 Build Finished (took 3s.298ms)

