21:31:29 **** Auto Build of configuration Debug for project RTOS_AMPexample ****
make pre-build main-build 
a9-linaro-pre-build-step
 
Building file: ../src/platform_info.c
Invoking: ARM v7 gcc compiler
arm-none-eabi-gcc -Wall -O0 -g3 -c -fmessage-length=0 -MT"src/platform_info.o" -mcpu=cortex-a9 -mfpu=vfpv3 -mfloat-abi=hard -I../../RTOS_AMPexample_bsp/ps7_cortexa9_1/include -MMD -MP -MF"src/platform_info.d" -MT"src/platform_info.o" -o "src/platform_info.o" "../src/platform_info.c"
Finished building: ../src/platform_info.c
 
Building target: RTOS_AMPexample.elf
Invoking: ARM v7 gcc linker
arm-none-eabi-gcc -mcpu=cortex-a9 -mfpu=vfpv3 -mfloat-abi=hard -Wl,-build-id=none -specs=Xilinx.spec -Wl,-T -Wl,../src/lscript.ld -L../../RTOS_AMPexample_bsp/ps7_cortexa9_1/lib -o "RTOS_AMPexample.elf"  ./src/helper.o ./src/platform_info.o ./src/rpmsg-echo.o ./src/rsc_table.o ./src/zynq_a9_rproc.o   -Wl,--start-group,-lxil,-lfreertos,-lgcc,-lc,--end-group -Wl,--start-group,-lxil,-lmetal,-lopen_amp,-lgcc,-lc,--end-group -Wl,--start-group,-lxil,-lmetal,-lgcc,-lc,--end-group
Finished building target: RTOS_AMPexample.elf
 
Invoking: ARM v7 Print Size
arm-none-eabi-size RTOS_AMPexample.elf  |tee "RTOS_AMPexample.elf.size"
   text	   data	    bss	    dec	    hex	filename
 137500	1052200	  92656	1282356	 139134	RTOS_AMPexample.elf
Finished building: RTOS_AMPexample.elf.size
 

21:31:30 Build Finished (took 707ms)

